[2026-02-28T13:42:44-05:00] [generation-2026-02-28-13-42-29] [stitch +0s] starting (limit=1)
[2026-02-28T13:42:44-05:00] [generation-2026-02-28-13-42-29] [stitch +0s] stitch config: silence=true stitchTotal=0 stitchPerCycle=1 measure=1 generationBranch="generation-2026-02-28-13-42-29"
[2026-02-28T13:42:44-05:00] [generation-2026-02-28-13-42-29] [stitch +0s] beadsInitialized: .beads/ exists=true
[2026-02-28T13:42:44-05:00] [generation-2026-02-28-13-42-29] [stitch +0s] resolved branch=generation-2026-02-28-13-42-29
[2026-02-28T13:42:44-05:00] [generation-2026-02-28-13-42-29] [stitch +0s] repoRoot=/Users/pdiddy/COBBLER/go-unix-utils
[2026-02-28T13:42:44-05:00] [generation-2026-02-28-13-42-29] [stitch +0s] worktreeBase=/var/folders/dl/cbns6zkx7txc7pt64b6cgzp40000gn/T/go-unix-utils-worktrees
[2026-02-28T13:42:44-05:00] [generation-2026-02-28-13-42-29] [stitch +0s] baseBranch=generation-2026-02-28-13-42-29
[2026-02-28T13:42:44-05:00] [generation-2026-02-28-13-42-29] [stitch +0s] recovering stale tasks
[2026-02-28T13:42:44-05:00] [generation-2026-02-28-13-42-29] [stitch +0s] recoverStaleTasks: checking for stale branches with pattern task/generation-2026-02-28-13-42-29-*
[2026-02-28T13:42:44-05:00] [generation-2026-02-28-13-42-29] [stitch +0s] recoverStaleBranches: no stale branches found
[2026-02-28T13:42:44-05:00] [generation-2026-02-28-13-42-29] [stitch +0s] recoverStaleTasks: checking for orphaned in_progress issues
[2026-02-28T13:42:44-05:00] [generation-2026-02-28-13-42-29] [stitch +0s] resetOrphanedIssues: found 0 in_progress task(s)
[2026-02-28T13:42:44-05:00] [generation-2026-02-28-13-42-29] [stitch +0s] recoverStaleTasks: pruning worktrees
[2026-02-28T13:42:44-05:00] [generation-2026-02-28-13-42-29] [stitch +0s] recoverStaleTasks: no stale state found
[2026-02-28T13:42:44-05:00] [generation-2026-02-28-13-42-29] [stitch +0s] looking for next ready task (completed 0 so far)
[2026-02-28T13:42:44-05:00] [generation-2026-02-28-13-42-29] [stitch +0s] pickTask: calling bd ready -n 1 --type task
[2026-02-28T13:42:44-05:00] [generation-2026-02-28-13-42-29] [stitch +0s] pickTask: bd ready returned 3 bytes
[2026-02-28T13:42:44-05:00] [generation-2026-02-28-13-42-29] [stitch +0s] pickTask: JSON parse failed or empty: err=<nil> len=0 raw=[]

[2026-02-28T13:42:44-05:00] [generation-2026-02-28-13-42-29] [stitch +0s] no more tasks: failed to parse issue
[2026-02-28T13:42:44-05:00] [generation-2026-02-28-13-42-29] [stitch +0s] completed 0 task(s) in 0s
