[2026-05-14T12:39:10-04:00] [generation-run44] [stitch +0s] starting (limit=1)
[2026-05-14T12:39:10-04:00] [generation-run44] [stitch +0s] stitch config: silence=true stitchTotal=0 stitchPerCycle=1 measure=4 generationBranch=""
[2026-05-14T12:39:10-04:00] [generation-run44] [stitch +0s] resolved branch=generation-run44
[2026-05-14T12:39:10-04:00] [generation-run44] [stitch +0s] repoRoot=/Users/pdiddy/COBBLER/generation-run44
[2026-05-14T12:39:11-04:00] [generation-run44] [stitch +0s] using GitHub repo petar-djukic/go-unix-utils generation generation-run44 for issues
[2026-05-14T12:39:11-04:00] [generation-run44] [stitch +1s] worktreeBase=/var/folders/dl/cbns6zkx7txc7pt64b6cgzp40000gn/T/go-unix-utils-worktrees
[2026-05-14T12:39:11-04:00] [generation-run44] [stitch +1s] baseBranch=generation-run44
[2026-05-14T12:39:11-04:00] [generation-run44] [stitch +1s] recovering stale tasks
[2026-05-14T12:39:11-04:00] [generation-run44] [stitch +1s] recoverStaleTasks: checking for stale branches with pattern task/generation-run44-*
[2026-05-14T12:39:11-04:00] [generation-run44] [stitch +1s] recoverStaleBranches: no stale branches found
[2026-05-14T12:39:11-04:00] [generation-run44] [stitch +1s] recoverStaleTasks: checking for orphaned in_progress issues
[2026-05-14T12:39:12-04:00] [generation-run44] [stitch +1s] recoverStaleTasks: pruning worktrees
[2026-05-14T12:39:12-04:00] [generation-run44] [stitch +1s] recoverStaleTasks: no stale state found
[2026-05-14T12:39:12-04:00] [generation-run44] [stitch +1s] looking for next ready task (completed 0 so far)
[2026-05-14T12:39:12-04:00] [generation-run44] [stitch +1s] pickTask: calling pickReadyIssue repo=petar-djukic/go-unix-utils generation=generation-run44
[2026-05-14T12:39:18-04:00] [generation-run44] [stitch +8s] pickReadyIssue: picked #5183 "[stitch] cmd/wc: final requirements and completion (srd005-wc R6.2-R6.3)" gen=generation-run44
[2026-05-14T12:39:18-04:00] [generation-run44] [stitch +8s] pickTask: picked #5183 id=5183 branch=task/generation-run44-5183 worktree=/var/folders/dl/cbns6zkx7txc7pt64b6cgzp40000gn/T/go-unix-utils-worktrees/5183
[2026-05-14T12:39:18-04:00] [generation-run44] [stitch +8s] pickTask: title="[stitch] cmd/wc: final requirements and completion (srd005-wc R6.2-R6.3)"
[2026-05-14T12:39:18-04:00] [generation-run44] [stitch +8s] pickTask: descriptionLen=1304
[2026-05-14T12:39:18-04:00] [generation-run44] [stitch +8s] executing task 1: id=5183 title="[stitch] cmd/wc: final requirements and completion (srd005-wc R6.2-R6.3)"
[2026-05-14T12:39:18-04:00] [generation-run44] [stitch +8s] doOneTask: starting task 5183 ([stitch] cmd/wc: final requirements and completion (srd005-wc R6.2-R6.3))
[2026-05-14T12:39:18-04:00] [generation-run44] [stitch +8s] doOneTask: task #5183 claimed via pickReadyIssue label
[2026-05-14T12:39:18-04:00] [generation-run44] [stitch +8s] transitionRequirements: marked 2 R-items as in_progress
