[2026-05-13T17:42:38-04:00] [generation-run44] [stitch +0s] starting (limit=1)
[2026-05-13T17:42:38-04:00] [generation-run44] [stitch +0s] stitch config: silence=true stitchTotal=0 stitchPerCycle=1 measure=4 generationBranch=""
[2026-05-13T17:42:38-04:00] [generation-run44] [stitch +0s] resolved branch=generation-run44
[2026-05-13T17:42:38-04:00] [generation-run44] [stitch +0s] repoRoot=/Users/pdiddy/COBBLER/generation-run44
[2026-05-13T17:42:39-04:00] [generation-run44] [stitch +1s] using GitHub repo petar-djukic/go-unix-utils generation generation-run44 for issues
[2026-05-13T17:42:39-04:00] [generation-run44] [stitch +1s] worktreeBase=/var/folders/dl/cbns6zkx7txc7pt64b6cgzp40000gn/T/go-unix-utils-worktrees
[2026-05-13T17:42:39-04:00] [generation-run44] [stitch +1s] baseBranch=generation-run44
[2026-05-13T17:42:39-04:00] [generation-run44] [stitch +1s] recovering stale tasks
[2026-05-13T17:42:39-04:00] [generation-run44] [stitch +1s] recoverStaleTasks: checking for stale branches with pattern task/generation-run44-*
[2026-05-13T17:42:39-04:00] [generation-run44] [stitch +1s] recoverStaleBranches: no stale branches found
[2026-05-13T17:42:39-04:00] [generation-run44] [stitch +1s] recoverStaleTasks: checking for orphaned in_progress issues
[2026-05-13T17:42:40-04:00] [generation-run44] [stitch +2s] recoverStaleTasks: pruning worktrees
[2026-05-13T17:42:40-04:00] [generation-run44] [stitch +2s] recoverStaleTasks: no stale state found
[2026-05-13T17:42:40-04:00] [generation-run44] [stitch +2s] looking for next ready task (completed 0 so far)
[2026-05-13T17:42:40-04:00] [generation-run44] [stitch +2s] pickTask: calling pickReadyIssue repo=petar-djukic/go-unix-utils generation=generation-run44
[2026-05-13T17:42:46-04:00] [generation-run44] [stitch +7s] pickReadyIssue: picked #5066 "[stitch] srd002-sys R1.1-R1.4 -- FileInfo struct and Stat/Lstat implementation" gen=generation-run44
[2026-05-13T17:42:46-04:00] [generation-run44] [stitch +7s] pickTask: picked #5066 id=5066 branch=task/generation-run44-5066 worktree=/var/folders/dl/cbns6zkx7txc7pt64b6cgzp40000gn/T/go-unix-utils-worktrees/5066
[2026-05-13T17:42:46-04:00] [generation-run44] [stitch +7s] pickTask: title="[stitch] srd002-sys R1.1-R1.4 -- FileInfo struct and Stat/Lstat implementation"
[2026-05-13T17:42:46-04:00] [generation-run44] [stitch +7s] pickTask: descriptionLen=2232
[2026-05-13T17:42:46-04:00] [generation-run44] [stitch +7s] executing task 1: id=5066 title="[stitch] srd002-sys R1.1-R1.4 -- FileInfo struct and Stat/Lstat implementation"
[2026-05-13T17:42:46-04:00] [generation-run44] [stitch +7s] doOneTask: starting task 5066 ([stitch] srd002-sys R1.1-R1.4 -- FileInfo struct and Stat/Lstat implementation)
[2026-05-13T17:42:46-04:00] [generation-run44] [stitch +7s] doOneTask: task #5066 claimed via pickReadyIssue label
[2026-05-13T17:42:46-04:00] [generation-run44] [stitch +7s] transitionRequirements: marked 4 R-items as in_progress
