[2026-05-27T17:48:33-04:00] [generation-run44] [stitch +0s] starting (limit=1)
[2026-05-27T17:48:33-04:00] [generation-run44] [stitch +0s] stitch config: silence=true stitchTotal=0 stitchPerCycle=1 measure=4 generationBranch=""
[2026-05-27T17:48:33-04:00] [generation-run44] [stitch +0s] resolved branch=generation-run44
[2026-05-27T17:48:33-04:00] [generation-run44] [stitch +0s] repoRoot=/Users/pdiddy/COBBLER/generation-run44
[2026-05-27T17:48:33-04:00] [generation-run44] [stitch +0s] using GitHub repo petar-djukic/go-unix-utils generation generation-run44 for issues
[2026-05-27T17:48:33-04:00] [generation-run44] [stitch +1s] worktreeBase=/var/folders/dl/cbns6zkx7txc7pt64b6cgzp40000gn/T/go-unix-utils-worktrees
[2026-05-27T17:48:33-04:00] [generation-run44] [stitch +1s] baseBranch=generation-run44
[2026-05-27T17:48:33-04:00] [generation-run44] [stitch +1s] recovering stale tasks
[2026-05-27T17:48:33-04:00] [generation-run44] [stitch +1s] recoverStaleTasks: checking for stale branches with pattern task/generation-run44-*
[2026-05-27T17:48:33-04:00] [generation-run44] [stitch +1s] recoverStaleBranches: no stale branches found
[2026-05-27T17:48:33-04:00] [generation-run44] [stitch +1s] recoverStaleTasks: checking for orphaned in_progress issues
[2026-05-27T17:48:34-04:00] [generation-run44] [stitch +1s] recoverStaleTasks: pruning worktrees
[2026-05-27T17:48:34-04:00] [generation-run44] [stitch +1s] recoverStaleTasks: no stale state found
[2026-05-27T17:48:34-04:00] [generation-run44] [stitch +1s] looking for next ready task (completed 0 so far)
[2026-05-27T17:48:34-04:00] [generation-run44] [stitch +1s] pickTask: calling pickReadyIssue repo=petar-djukic/go-unix-utils generation=generation-run44
[2026-05-27T17:48:39-04:00] [generation-run44] [stitch +6s] pickReadyIssue: picked #5621 "[stitch] cmd/dircolors: implement srd109 R2.1, R2.2, R2.3, R2.4" gen=generation-run44
[2026-05-27T17:48:39-04:00] [generation-run44] [stitch +6s] pickTask: picked #5621 id=5621 branch=task/generation-run44-5621 worktree=/var/folders/dl/cbns6zkx7txc7pt64b6cgzp40000gn/T/go-unix-utils-worktrees/5621
[2026-05-27T17:48:39-04:00] [generation-run44] [stitch +6s] pickTask: title="[stitch] cmd/dircolors: implement srd109 R2.1, R2.2, R2.3, R2.4"
[2026-05-27T17:48:39-04:00] [generation-run44] [stitch +6s] pickTask: descriptionLen=1751
[2026-05-27T17:48:39-04:00] [generation-run44] [stitch +6s] executing task 1: id=5621 title="[stitch] cmd/dircolors: implement srd109 R2.1, R2.2, R2.3, R2.4"
[2026-05-27T17:48:39-04:00] [generation-run44] [stitch +6s] doOneTask: starting task 5621 ([stitch] cmd/dircolors: implement srd109 R2.1, R2.2, R2.3, R2.4)
[2026-05-27T17:48:39-04:00] [generation-run44] [stitch +6s] doOneTask: task #5621 claimed via pickReadyIssue label
[2026-05-27T17:48:39-04:00] [generation-run44] [stitch +6s] transitionRequirements: marked 4 R-items as in_progress
