[2026-05-13T23:23:25-04:00] [generation-run44] [stitch +0s] starting (limit=1)
[2026-05-13T23:23:25-04:00] [generation-run44] [stitch +0s] stitch config: silence=true stitchTotal=0 stitchPerCycle=1 measure=4 generationBranch=""
[2026-05-13T23:23:25-04:00] [generation-run44] [stitch +0s] resolved branch=generation-run44
[2026-05-13T23:23:25-04:00] [generation-run44] [stitch +0s] repoRoot=/Users/pdiddy/COBBLER/generation-run44
[2026-05-13T23:23:26-04:00] [generation-run44] [stitch +0s] using GitHub repo petar-djukic/go-unix-utils generation generation-run44 for issues
[2026-05-13T23:23:26-04:00] [generation-run44] [stitch +1s] worktreeBase=/var/folders/dl/cbns6zkx7txc7pt64b6cgzp40000gn/T/go-unix-utils-worktrees
[2026-05-13T23:23:26-04:00] [generation-run44] [stitch +1s] baseBranch=generation-run44
[2026-05-13T23:23:26-04:00] [generation-run44] [stitch +1s] recovering stale tasks
[2026-05-13T23:23:26-04:00] [generation-run44] [stitch +1s] recoverStaleTasks: checking for stale branches with pattern task/generation-run44-*
[2026-05-13T23:23:26-04:00] [generation-run44] [stitch +1s] recoverStaleBranches: no stale branches found
[2026-05-13T23:23:26-04:00] [generation-run44] [stitch +1s] recoverStaleTasks: checking for orphaned in_progress issues
[2026-05-13T23:23:27-04:00] [generation-run44] [stitch +1s] recoverStaleTasks: pruning worktrees
[2026-05-13T23:23:27-04:00] [generation-run44] [stitch +1s] recoverStaleTasks: no stale state found
[2026-05-13T23:23:27-04:00] [generation-run44] [stitch +1s] looking for next ready task (completed 0 so far)
[2026-05-13T23:23:27-04:00] [generation-run44] [stitch +1s] pickTask: calling pickReadyIssue repo=petar-djukic/go-unix-utils generation=generation-run44
[2026-05-13T23:23:32-04:00] [generation-run44] [stitch +7s] pickReadyIssue: picked #5135 "[stitch] cmd/sponge: remaining requirements (srd007-sponge R6.1-R6.2)" gen=generation-run44
[2026-05-13T23:23:32-04:00] [generation-run44] [stitch +7s] pickTask: picked #5135 id=5135 branch=task/generation-run44-5135 worktree=/var/folders/dl/cbns6zkx7txc7pt64b6cgzp40000gn/T/go-unix-utils-worktrees/5135
[2026-05-13T23:23:32-04:00] [generation-run44] [stitch +7s] pickTask: title="[stitch] cmd/sponge: remaining requirements (srd007-sponge R6.1-R6.2)"
[2026-05-13T23:23:32-04:00] [generation-run44] [stitch +7s] pickTask: descriptionLen=1335
[2026-05-13T23:23:32-04:00] [generation-run44] [stitch +7s] executing task 1: id=5135 title="[stitch] cmd/sponge: remaining requirements (srd007-sponge R6.1-R6.2)"
[2026-05-13T23:23:32-04:00] [generation-run44] [stitch +7s] doOneTask: starting task 5135 ([stitch] cmd/sponge: remaining requirements (srd007-sponge R6.1-R6.2))
[2026-05-13T23:23:32-04:00] [generation-run44] [stitch +7s] doOneTask: task #5135 claimed via pickReadyIssue label
[2026-05-13T23:23:32-04:00] [generation-run44] [stitch +7s] transitionRequirements: marked 2 R-items as in_progress
