[2026-03-03T20:50:31-05:00] [generation-gh-206-generation-run-14] [stitch +0s] starting (limit=1)
[2026-03-03T20:50:31-05:00] [generation-gh-206-generation-run-14] [stitch +0s] stitch config: silence=true stitchTotal=0 stitchPerCycle=1 measure=1 generationBranch="generation-gh-206-generation-run-14"
[2026-03-03T20:50:32-05:00] [generation-gh-206-generation-run-14] [stitch +0s] resolved branch=generation-gh-206-generation-run-14
[2026-03-03T20:50:32-05:00] [generation-gh-206-generation-run-14] [stitch +0s] repoRoot=/Users/pdiddy/COBBLER/go-unix-utils
[2026-03-03T20:50:35-05:00] [generation-gh-206-generation-run-14] [stitch +4s] using GitHub repo petar-djukic/go-unix-utils generation generation-gh-206-generation-run-14 for issues
[2026-03-03T20:53:52-05:00] [generation-gh-206-generation-run-14] [stitch +3m21s] ensureCobblerLabels: could not create label "cobbler-ready": exit status 1 (output: )
[2026-03-03T20:54:05-05:00] [generation-gh-206-generation-run-14] [stitch +3m33s] ensureCobblerLabels: could not create label "cobbler-in-progress": exit status 1 (output: )
[2026-03-03T20:54:05-05:00] [generation-gh-206-generation-run-14] [stitch +3m33s] worktreeBase=/var/folders/dl/cbns6zkx7txc7pt64b6cgzp40000gn/T/go-unix-utils-worktrees
[2026-03-03T20:54:05-05:00] [generation-gh-206-generation-run-14] [stitch +3m33s] baseBranch=generation-gh-206-generation-run-14
[2026-03-03T20:54:05-05:00] [generation-gh-206-generation-run-14] [stitch +3m33s] recovering stale tasks
[2026-03-03T20:54:05-05:00] [generation-gh-206-generation-run-14] [stitch +3m33s] recoverStaleTasks: checking for stale branches with pattern task/generation-gh-206-generation-run-14-*
[2026-03-03T20:54:05-05:00] [generation-gh-206-generation-run-14] [stitch +3m33s] recoverStaleBranches: no stale branches found
[2026-03-03T20:54:05-05:00] [generation-gh-206-generation-run-14] [stitch +3m33s] recoverStaleTasks: checking for orphaned in_progress issues
[2026-03-03T20:54:15-05:00] [generation-gh-206-generation-run-14] [stitch +3m44s] resetOrphanedIssues: list issues failed: gh api repos issues: exit status 1
[2026-03-03T20:54:15-05:00] [generation-gh-206-generation-run-14] [stitch +3m44s] recoverStaleTasks: pruning worktrees
[2026-03-03T20:54:15-05:00] [generation-gh-206-generation-run-14] [stitch +3m44s] recoverStaleTasks: no stale state found
[2026-03-03T20:54:15-05:00] [generation-gh-206-generation-run-14] [stitch +3m44s] looking for next ready task (completed 0 so far)
[2026-03-03T20:54:15-05:00] [generation-gh-206-generation-run-14] [stitch +3m44s] pickTask: calling pickReadyIssue repo=petar-djukic/go-unix-utils generation=generation-gh-206-generation-run-14
[2026-03-03T20:54:25-05:00] [generation-gh-206-generation-run-14] [stitch +3m54s] pickTask: no tasks available: pickReadyIssue promote: promoteReadyIssues: gh api repos issues: exit status 1
[2026-03-03T20:54:25-05:00] [generation-gh-206-generation-run-14] [stitch +3m54s] no more tasks: no tasks available
[2026-03-03T20:54:25-05:00] [generation-gh-206-generation-run-14] [stitch +3m54s] completed 0 task(s) in 3m54s
