[2026-05-13T19:13:54-04:00] [generation-run44] [stitch +0s] starting (limit=1)
[2026-05-13T19:13:54-04:00] [generation-run44] [stitch +0s] stitch config: silence=true stitchTotal=0 stitchPerCycle=1 measure=4 generationBranch=""
[2026-05-13T19:13:54-04:00] [generation-run44] [stitch +0s] resolved branch=generation-run44
[2026-05-13T19:13:54-04:00] [generation-run44] [stitch +0s] repoRoot=/Users/pdiddy/COBBLER/generation-run44
[2026-05-13T19:13:55-04:00] [generation-run44] [stitch +0s] using GitHub repo petar-djukic/go-unix-utils generation generation-run44 for issues
[2026-05-13T19:13:55-04:00] [generation-run44] [stitch +1s] worktreeBase=/var/folders/dl/cbns6zkx7txc7pt64b6cgzp40000gn/T/go-unix-utils-worktrees
[2026-05-13T19:13:55-04:00] [generation-run44] [stitch +1s] baseBranch=generation-run44
[2026-05-13T19:13:55-04:00] [generation-run44] [stitch +1s] recovering stale tasks
[2026-05-13T19:13:55-04:00] [generation-run44] [stitch +1s] recoverStaleTasks: checking for stale branches with pattern task/generation-run44-*
[2026-05-13T19:13:55-04:00] [generation-run44] [stitch +1s] recoverStaleBranches: no stale branches found
[2026-05-13T19:13:55-04:00] [generation-run44] [stitch +1s] recoverStaleTasks: checking for orphaned in_progress issues
[2026-05-13T19:13:56-04:00] [generation-run44] [stitch +1s] recoverStaleTasks: pruning worktrees
[2026-05-13T19:13:56-04:00] [generation-run44] [stitch +1s] recoverStaleTasks: no stale state found
[2026-05-13T19:13:56-04:00] [generation-run44] [stitch +1s] looking for next ready task (completed 0 so far)
[2026-05-13T19:13:56-04:00] [generation-run44] [stitch +1s] pickTask: calling pickReadyIssue repo=petar-djukic/go-unix-utils generation=generation-run44
[2026-05-13T19:14:02-04:00] [generation-run44] [stitch +8s] pickReadyIssue: picked #5090 "[stitch] srd003-format R2.5-R2.7: color state reset and extended file types" gen=generation-run44
[2026-05-13T19:14:02-04:00] [generation-run44] [stitch +8s] pickTask: picked #5090 id=5090 branch=task/generation-run44-5090 worktree=/var/folders/dl/cbns6zkx7txc7pt64b6cgzp40000gn/T/go-unix-utils-worktrees/5090
[2026-05-13T19:14:02-04:00] [generation-run44] [stitch +8s] pickTask: title="[stitch] srd003-format R2.5-R2.7: color state reset and extended file types"
[2026-05-13T19:14:02-04:00] [generation-run44] [stitch +8s] pickTask: descriptionLen=1341
[2026-05-13T19:14:02-04:00] [generation-run44] [stitch +8s] executing task 1: id=5090 title="[stitch] srd003-format R2.5-R2.7: color state reset and extended file types"
[2026-05-13T19:14:02-04:00] [generation-run44] [stitch +8s] doOneTask: starting task 5090 ([stitch] srd003-format R2.5-R2.7: color state reset and extended file types)
[2026-05-13T19:14:02-04:00] [generation-run44] [stitch +8s] doOneTask: task #5090 claimed via pickReadyIssue label
[2026-05-13T19:14:02-04:00] [generation-run44] [stitch +8s] transitionRequirements: marked 3 R-items as in_progress
