[2026-05-29T20:44:40-04:00] [generation-run44] [stitch +0s] starting (limit=1)
[2026-05-29T20:44:40-04:00] [generation-run44] [stitch +0s] stitch config: silence=true stitchTotal=0 stitchPerCycle=1 measure=4 generationBranch=""
[2026-05-29T20:44:40-04:00] [generation-run44] [stitch +0s] resolved branch=generation-run44
[2026-05-29T20:44:40-04:00] [generation-run44] [stitch +0s] repoRoot=/Users/pdiddy/COBBLER/generation-run44
[2026-05-29T20:44:40-04:00] [generation-run44] [stitch +1s] using GitHub repo petar-djukic/go-unix-utils generation generation-run44 for issues
[2026-05-29T20:44:41-04:00] [generation-run44] [stitch +1s] worktreeBase=/var/folders/dl/cbns6zkx7txc7pt64b6cgzp40000gn/T/go-unix-utils-worktrees
[2026-05-29T20:44:41-04:00] [generation-run44] [stitch +2s] baseBranch=generation-run44
[2026-05-29T20:44:41-04:00] [generation-run44] [stitch +2s] recovering stale tasks
[2026-05-29T20:44:41-04:00] [generation-run44] [stitch +2s] recoverStaleTasks: checking for stale branches with pattern task/generation-run44-*
[2026-05-29T20:44:41-04:00] [generation-run44] [stitch +2s] recoverStaleBranches: no stale branches found
[2026-05-29T20:44:41-04:00] [generation-run44] [stitch +2s] recoverStaleTasks: checking for orphaned in_progress issues
[2026-05-29T20:44:42-04:00] [generation-run44] [stitch +2s] resetOrphanedIssues: orphaned issue #5666 (no branch task/generation-run44-5666), removing in-progress label
[2026-05-29T20:44:44-04:00] [generation-run44] [stitch +4s] resetOrphanedIssues: orphaned issue #5664 (no branch task/generation-run44-5664), removing in-progress label
[2026-05-29T20:44:46-04:00] [generation-run44] [stitch +6s] recoverStaleTasks: pruning worktrees
[2026-05-29T20:44:46-04:00] [generation-run44] [stitch +6s] recoverStaleTasks: recovered stale state (branches=false orphans=true)
[2026-05-29T20:44:46-04:00] [generation-run44] [stitch +6s] looking for next ready task (completed 0 so far)
[2026-05-29T20:44:46-04:00] [generation-run44] [stitch +6s] pickTask: calling pickReadyIssue repo=petar-djukic/go-unix-utils generation=generation-run44
[2026-05-29T20:44:53-04:00] [generation-run44] [stitch +13s] pickReadyIssue: picked #5664 "[stitch] cmd/pr: implement srd110 R3.1" gen=generation-run44
[2026-05-29T20:44:53-04:00] [generation-run44] [stitch +13s] pickTask: picked #5664 id=5664 branch=task/generation-run44-5664 worktree=/var/folders/dl/cbns6zkx7txc7pt64b6cgzp40000gn/T/go-unix-utils-worktrees/5664
[2026-05-29T20:44:53-04:00] [generation-run44] [stitch +13s] pickTask: title="[stitch] cmd/pr: implement srd110 R3.1"
[2026-05-29T20:44:53-04:00] [generation-run44] [stitch +13s] pickTask: descriptionLen=1475
[2026-05-29T20:44:53-04:00] [generation-run44] [stitch +13s] executing task 1: id=5664 title="[stitch] cmd/pr: implement srd110 R3.1"
[2026-05-29T20:44:53-04:00] [generation-run44] [stitch +13s] doOneTask: starting task 5664 ([stitch] cmd/pr: implement srd110 R3.1)
[2026-05-29T20:44:53-04:00] [generation-run44] [stitch +13s] doOneTask: task #5664 claimed via pickReadyIssue label
