[2026-05-21T10:14:36-04:00] [generation-run44] [stitch +0s] starting (limit=1)
[2026-05-21T10:14:36-04:00] [generation-run44] [stitch +0s] stitch config: silence=true stitchTotal=0 stitchPerCycle=1 measure=4 generationBranch=""
[2026-05-21T10:14:36-04:00] [generation-run44] [stitch +0s] resolved branch=generation-run44
[2026-05-21T10:14:36-04:00] [generation-run44] [stitch +0s] repoRoot=/Users/pdiddy/COBBLER/generation-run44
[2026-05-21T10:14:37-04:00] [generation-run44] [stitch +1s] using GitHub repo petar-djukic/go-unix-utils generation generation-run44 for issues
[2026-05-21T10:14:38-04:00] [generation-run44] [stitch +1s] worktreeBase=/var/folders/dl/cbns6zkx7txc7pt64b6cgzp40000gn/T/go-unix-utils-worktrees
[2026-05-21T10:14:38-04:00] [generation-run44] [stitch +1s] baseBranch=generation-run44
[2026-05-21T10:14:38-04:00] [generation-run44] [stitch +1s] recovering stale tasks
[2026-05-21T10:14:38-04:00] [generation-run44] [stitch +1s] recoverStaleTasks: checking for stale branches with pattern task/generation-run44-*
[2026-05-21T10:14:38-04:00] [generation-run44] [stitch +1s] recoverStaleBranches: no stale branches found
[2026-05-21T10:14:38-04:00] [generation-run44] [stitch +1s] recoverStaleTasks: checking for orphaned in_progress issues
[2026-05-21T10:14:39-04:00] [generation-run44] [stitch +2s] recoverStaleTasks: pruning worktrees
[2026-05-21T10:14:39-04:00] [generation-run44] [stitch +2s] recoverStaleTasks: no stale state found
[2026-05-21T10:14:39-04:00] [generation-run44] [stitch +2s] looking for next ready task (completed 0 so far)
[2026-05-21T10:14:39-04:00] [generation-run44] [stitch +2s] pickTask: calling pickReadyIssue repo=petar-djukic/go-unix-utils generation=generation-run44
[2026-05-21T10:14:52-04:00] [generation-run44] [stitch +15s] pickReadyIssue: picked #5418 "[stitch] cmd/expr: srd066 R1.1-R1.4" gen=generation-run44
[2026-05-21T10:14:52-04:00] [generation-run44] [stitch +15s] pickTask: picked #5418 id=5418 branch=task/generation-run44-5418 worktree=/var/folders/dl/cbns6zkx7txc7pt64b6cgzp40000gn/T/go-unix-utils-worktrees/5418
[2026-05-21T10:14:52-04:00] [generation-run44] [stitch +15s] pickTask: title="[stitch] cmd/expr: srd066 R1.1-R1.4"
[2026-05-21T10:14:52-04:00] [generation-run44] [stitch +15s] pickTask: descriptionLen=1701
[2026-05-21T10:14:52-04:00] [generation-run44] [stitch +15s] executing task 1: id=5418 title="[stitch] cmd/expr: srd066 R1.1-R1.4"
[2026-05-21T10:14:52-04:00] [generation-run44] [stitch +15s] doOneTask: starting task 5418 ([stitch] cmd/expr: srd066 R1.1-R1.4)
[2026-05-21T10:14:52-04:00] [generation-run44] [stitch +15s] doOneTask: task #5418 claimed via pickReadyIssue label
[2026-05-21T10:14:52-04:00] [generation-run44] [stitch +15s] transitionRequirements: marked 4 R-items as in_progress
