[2026-05-13T17:45:22-04:00] [generation-run44] [stitch +0s] starting (limit=1)
[2026-05-13T17:45:22-04:00] [generation-run44] [stitch +0s] stitch config: silence=true stitchTotal=0 stitchPerCycle=1 measure=4 generationBranch=""
[2026-05-13T17:45:22-04:00] [generation-run44] [stitch +0s] resolved branch=generation-run44
[2026-05-13T17:45:22-04:00] [generation-run44] [stitch +0s] repoRoot=/Users/pdiddy/COBBLER/generation-run44
[2026-05-13T17:45:22-04:00] [generation-run44] [stitch +0s] using GitHub repo petar-djukic/go-unix-utils generation generation-run44 for issues
[2026-05-13T17:45:23-04:00] [generation-run44] [stitch +1s] worktreeBase=/var/folders/dl/cbns6zkx7txc7pt64b6cgzp40000gn/T/go-unix-utils-worktrees
[2026-05-13T17:45:23-04:00] [generation-run44] [stitch +1s] baseBranch=generation-run44
[2026-05-13T17:45:23-04:00] [generation-run44] [stitch +1s] recovering stale tasks
[2026-05-13T17:45:23-04:00] [generation-run44] [stitch +1s] recoverStaleTasks: checking for stale branches with pattern task/generation-run44-*
[2026-05-13T17:45:23-04:00] [generation-run44] [stitch +1s] recoverStaleBranches: no stale branches found
[2026-05-13T17:45:23-04:00] [generation-run44] [stitch +1s] recoverStaleTasks: checking for orphaned in_progress issues
[2026-05-13T17:45:24-04:00] [generation-run44] [stitch +1s] recoverStaleTasks: pruning worktrees
[2026-05-13T17:45:24-04:00] [generation-run44] [stitch +2s] recoverStaleTasks: no stale state found
[2026-05-13T17:45:24-04:00] [generation-run44] [stitch +2s] looking for next ready task (completed 0 so far)
[2026-05-13T17:45:24-04:00] [generation-run44] [stitch +2s] pickTask: calling pickReadyIssue repo=petar-djukic/go-unix-utils generation=generation-run44
[2026-05-13T17:45:28-04:00] [generation-run44] [stitch +6s] pickReadyIssue: picked #5067 "[stitch] srd001-testutils R1.1-R1.4 -- DiffTest struct and test configuration" gen=generation-run44
[2026-05-13T17:45:28-04:00] [generation-run44] [stitch +6s] pickTask: picked #5067 id=5067 branch=task/generation-run44-5067 worktree=/var/folders/dl/cbns6zkx7txc7pt64b6cgzp40000gn/T/go-unix-utils-worktrees/5067
[2026-05-13T17:45:28-04:00] [generation-run44] [stitch +6s] pickTask: title="[stitch] srd001-testutils R1.1-R1.4 -- DiffTest struct and test configuration"
[2026-05-13T17:45:28-04:00] [generation-run44] [stitch +6s] pickTask: descriptionLen=2086
[2026-05-13T17:45:28-04:00] [generation-run44] [stitch +6s] executing task 1: id=5067 title="[stitch] srd001-testutils R1.1-R1.4 -- DiffTest struct and test configuration"
[2026-05-13T17:45:28-04:00] [generation-run44] [stitch +6s] doOneTask: starting task 5067 ([stitch] srd001-testutils R1.1-R1.4 -- DiffTest struct and test configuration)
[2026-05-13T17:45:28-04:00] [generation-run44] [stitch +6s] doOneTask: task #5067 claimed via pickReadyIssue label
[2026-05-13T17:45:28-04:00] [generation-run44] [stitch +6s] transitionRequirements: marked 4 R-items as in_progress
