[2026-05-14T13:00:35-04:00] [generation-run44] [stitch +0s] starting (limit=1)
[2026-05-14T13:00:35-04:00] [generation-run44] [stitch +0s] stitch config: silence=true stitchTotal=0 stitchPerCycle=1 measure=4 generationBranch=""
[2026-05-14T13:00:35-04:00] [generation-run44] [stitch +0s] resolved branch=generation-run44
[2026-05-14T13:00:35-04:00] [generation-run44] [stitch +0s] repoRoot=/Users/pdiddy/COBBLER/generation-run44
[2026-05-14T13:00:35-04:00] [generation-run44] [stitch +0s] using GitHub repo petar-djukic/go-unix-utils generation generation-run44 for issues
[2026-05-14T13:00:35-04:00] [generation-run44] [stitch +1s] worktreeBase=/var/folders/dl/cbns6zkx7txc7pt64b6cgzp40000gn/T/go-unix-utils-worktrees
[2026-05-14T13:00:35-04:00] [generation-run44] [stitch +1s] baseBranch=generation-run44
[2026-05-14T13:00:35-04:00] [generation-run44] [stitch +1s] recovering stale tasks
[2026-05-14T13:00:35-04:00] [generation-run44] [stitch +1s] recoverStaleTasks: checking for stale branches with pattern task/generation-run44-*
[2026-05-14T13:00:35-04:00] [generation-run44] [stitch +1s] recoverStaleBranches: no stale branches found
[2026-05-14T13:00:35-04:00] [generation-run44] [stitch +1s] recoverStaleTasks: checking for orphaned in_progress issues
[2026-05-14T13:00:36-04:00] [generation-run44] [stitch +2s] recoverStaleTasks: pruning worktrees
[2026-05-14T13:00:36-04:00] [generation-run44] [stitch +2s] recoverStaleTasks: no stale state found
[2026-05-14T13:00:36-04:00] [generation-run44] [stitch +2s] looking for next ready task (completed 0 so far)
[2026-05-14T13:00:36-04:00] [generation-run44] [stitch +2s] pickTask: calling pickReadyIssue repo=petar-djukic/go-unix-utils generation=generation-run44
[2026-05-14T13:00:42-04:00] [generation-run44] [stitch +8s] pickReadyIssue: picked #5187 "[stitch] cmd/hostname: core implementation and error handling (srd047-hostname R1.1-R1.2, R2.1-R2.2)" gen=generation-run44
[2026-05-14T13:00:42-04:00] [generation-run44] [stitch +8s] pickTask: picked #5187 id=5187 branch=task/generation-run44-5187 worktree=/var/folders/dl/cbns6zkx7txc7pt64b6cgzp40000gn/T/go-unix-utils-worktrees/5187
[2026-05-14T13:00:42-04:00] [generation-run44] [stitch +8s] pickTask: title="[stitch] cmd/hostname: core implementation and error handling (srd047-hostname R1.1-R1.2, R2.1-R2.2)"
[2026-05-14T13:00:42-04:00] [generation-run44] [stitch +8s] pickTask: descriptionLen=1289
[2026-05-14T13:00:42-04:00] [generation-run44] [stitch +8s] executing task 1: id=5187 title="[stitch] cmd/hostname: core implementation and error handling (srd047-hostname R1.1-R1.2, R2.1-R2.2)"
[2026-05-14T13:00:42-04:00] [generation-run44] [stitch +8s] doOneTask: starting task 5187 ([stitch] cmd/hostname: core implementation and error handling (srd047-hostname R1.1-R1.2, R2.1-R2.2))
[2026-05-14T13:00:42-04:00] [generation-run44] [stitch +8s] doOneTask: task #5187 claimed via pickReadyIssue label
[2026-05-14T13:00:42-04:00] [generation-run44] [stitch +8s] transitionRequirements: marked 4 R-items as in_progress
