[2026-05-29T20:01:34-04:00] [generation-run44] [stitch +0s] starting (limit=1)
[2026-05-29T20:01:34-04:00] [generation-run44] [stitch +0s] stitch config: silence=true stitchTotal=0 stitchPerCycle=1 measure=4 generationBranch=""
[2026-05-29T20:01:34-04:00] [generation-run44] [stitch +0s] resolved branch=generation-run44
[2026-05-29T20:01:35-04:00] [generation-run44] [stitch +0s] repoRoot=/Users/pdiddy/COBBLER/generation-run44
[2026-05-29T20:01:35-04:00] [generation-run44] [stitch +1s] using GitHub repo petar-djukic/go-unix-utils generation generation-run44 for issues
[2026-05-29T20:01:35-04:00] [generation-run44] [stitch +1s] worktreeBase=/var/folders/dl/cbns6zkx7txc7pt64b6cgzp40000gn/T/go-unix-utils-worktrees
[2026-05-29T20:01:35-04:00] [generation-run44] [stitch +1s] baseBranch=generation-run44
[2026-05-29T20:01:35-04:00] [generation-run44] [stitch +1s] recovering stale tasks
[2026-05-29T20:01:35-04:00] [generation-run44] [stitch +1s] recoverStaleTasks: checking for stale branches with pattern task/generation-run44-*
[2026-05-29T20:01:35-04:00] [generation-run44] [stitch +1s] recoverStaleBranches: no stale branches found
[2026-05-29T20:01:35-04:00] [generation-run44] [stitch +1s] recoverStaleTasks: checking for orphaned in_progress issues
[2026-05-29T20:18:29-04:00] [generation-run44] [stitch +2s] resetOrphanedIssues: list issues failed: gh api repos issues: exit status 1
[2026-05-29T20:18:29-04:00] [generation-run44] [stitch +2s] recoverStaleTasks: pruning worktrees
[2026-05-29T20:18:29-04:00] [generation-run44] [stitch +2s] recoverStaleTasks: no stale state found
[2026-05-29T20:18:29-04:00] [generation-run44] [stitch +2s] looking for next ready task (completed 0 so far)
[2026-05-29T20:18:29-04:00] [generation-run44] [stitch +2s] pickTask: calling pickReadyIssue repo=petar-djukic/go-unix-utils generation=generation-run44
[2026-05-29T20:38:40-04:00] [generation-run44] [stitch +36s] pickReadyIssue: add in-progress label to #5666: exit status 1
[2026-05-29T20:44:14-04:00] [generation-run44] [stitch +40s] pickReadyIssue: rename title warning for #5666: exit status 1
[2026-05-29T20:44:14-04:00] [generation-run44] [stitch +40s] pickReadyIssue: picked #5666 "[stitch] cmd/ptx: implement srd111 R3.1" gen=generation-run44
[2026-05-29T20:44:14-04:00] [generation-run44] [stitch +40s] pickTask: picked #5666 id=5666 branch=task/generation-run44-5666 worktree=/var/folders/dl/cbns6zkx7txc7pt64b6cgzp40000gn/T/go-unix-utils-worktrees/5666
[2026-05-29T20:44:14-04:00] [generation-run44] [stitch +40s] pickTask: title="[stitch] cmd/ptx: implement srd111 R3.1"
[2026-05-29T20:44:14-04:00] [generation-run44] [stitch +40s] pickTask: descriptionLen=1485
[2026-05-29T20:44:14-04:00] [generation-run44] [stitch +40s] executing task 1: id=5666 title="[stitch] cmd/ptx: implement srd111 R3.1"
[2026-05-29T20:44:14-04:00] [generation-run44] [stitch +40s] doOneTask: starting task 5666 ([stitch] cmd/ptx: implement srd111 R3.1)
[2026-05-29T20:44:14-04:00] [generation-run44] [stitch +40s] doOneTask: task #5666 claimed via pickReadyIssue label
[2026-05-29T20:44:14-04:00] [generation-run44] [stitch +40s] transitionRequirements: marked 1 R-items as in_progress
