[2026-05-14T09:01:05-04:00] [generation-run44] [stitch +0s] starting (limit=1)
[2026-05-14T09:01:05-04:00] [generation-run44] [stitch +0s] stitch config: silence=true stitchTotal=0 stitchPerCycle=1 measure=4 generationBranch=""
[2026-05-14T09:01:05-04:00] [generation-run44] [stitch +0s] resolved branch=generation-run44
[2026-05-14T09:01:05-04:00] [generation-run44] [stitch +0s] repoRoot=/Users/pdiddy/COBBLER/generation-run44
[2026-05-14T09:01:05-04:00] [generation-run44] [stitch +0s] using GitHub repo petar-djukic/go-unix-utils generation generation-run44 for issues
[2026-05-14T09:01:05-04:00] [generation-run44] [stitch +1s] worktreeBase=/var/folders/dl/cbns6zkx7txc7pt64b6cgzp40000gn/T/go-unix-utils-worktrees
[2026-05-14T09:01:05-04:00] [generation-run44] [stitch +1s] baseBranch=generation-run44
[2026-05-14T09:01:05-04:00] [generation-run44] [stitch +1s] recovering stale tasks
[2026-05-14T09:01:05-04:00] [generation-run44] [stitch +1s] recoverStaleTasks: checking for stale branches with pattern task/generation-run44-*
[2026-05-14T09:01:05-04:00] [generation-run44] [stitch +1s] recoverStaleBranches: no stale branches found
[2026-05-14T09:01:05-04:00] [generation-run44] [stitch +1s] recoverStaleTasks: checking for orphaned in_progress issues
[2026-05-14T09:01:07-04:00] [generation-run44] [stitch +3s] recoverStaleTasks: pruning worktrees
[2026-05-14T09:01:07-04:00] [generation-run44] [stitch +3s] recoverStaleTasks: no stale state found
[2026-05-14T09:01:07-04:00] [generation-run44] [stitch +3s] looking for next ready task (completed 0 so far)
[2026-05-14T09:01:07-04:00] [generation-run44] [stitch +3s] pickTask: calling pickReadyIssue repo=petar-djukic/go-unix-utils generation=generation-run44
[2026-05-14T09:01:14-04:00] [generation-run44] [stitch +10s] pickReadyIssue: picked #5167 "[stitch] cmd/head: remaining multi-file and error handling (srd018-head R3.5, R4.1-R4.3)" gen=generation-run44
[2026-05-14T09:01:14-04:00] [generation-run44] [stitch +10s] pickTask: picked #5167 id=5167 branch=task/generation-run44-5167 worktree=/var/folders/dl/cbns6zkx7txc7pt64b6cgzp40000gn/T/go-unix-utils-worktrees/5167
[2026-05-14T09:01:14-04:00] [generation-run44] [stitch +10s] pickTask: title="[stitch] cmd/head: remaining multi-file and error handling (srd018-head R3.5, R4.1-R4.3)"
[2026-05-14T09:01:14-04:00] [generation-run44] [stitch +10s] pickTask: descriptionLen=1638
[2026-05-14T09:01:14-04:00] [generation-run44] [stitch +10s] executing task 1: id=5167 title="[stitch] cmd/head: remaining multi-file and error handling (srd018-head R3.5, R4.1-R4.3)"
[2026-05-14T09:01:14-04:00] [generation-run44] [stitch +10s] doOneTask: starting task 5167 ([stitch] cmd/head: remaining multi-file and error handling (srd018-head R3.5, R4.1-R4.3))
[2026-05-14T09:01:14-04:00] [generation-run44] [stitch +10s] doOneTask: task #5167 claimed via pickReadyIssue label
[2026-05-14T09:01:15-04:00] [generation-run44] [stitch +10s] transitionRequirements: marked 4 R-items as in_progress
