[2026-05-23T11:25:54-04:00] [generation-run44] [stitch +0s] starting (limit=1)
[2026-05-23T11:25:54-04:00] [generation-run44] [stitch +0s] stitch config: silence=true stitchTotal=0 stitchPerCycle=1 measure=4 generationBranch=""
[2026-05-23T11:25:54-04:00] [generation-run44] [stitch +0s] resolved branch=generation-run44
[2026-05-23T11:25:54-04:00] [generation-run44] [stitch +0s] repoRoot=/Users/pdiddy/COBBLER/generation-run44
[2026-05-23T11:25:55-04:00] [generation-run44] [stitch +0s] using GitHub repo petar-djukic/go-unix-utils generation generation-run44 for issues
[2026-05-23T11:25:55-04:00] [generation-run44] [stitch +1s] worktreeBase=/var/folders/dl/cbns6zkx7txc7pt64b6cgzp40000gn/T/go-unix-utils-worktrees
[2026-05-23T11:25:55-04:00] [generation-run44] [stitch +1s] baseBranch=generation-run44
[2026-05-23T11:25:55-04:00] [generation-run44] [stitch +1s] recovering stale tasks
[2026-05-23T11:25:55-04:00] [generation-run44] [stitch +1s] recoverStaleTasks: checking for stale branches with pattern task/generation-run44-*
[2026-05-23T11:25:55-04:00] [generation-run44] [stitch +1s] recoverStaleBranches: no stale branches found
[2026-05-23T11:25:55-04:00] [generation-run44] [stitch +1s] recoverStaleTasks: checking for orphaned in_progress issues
[2026-05-23T11:25:55-04:00] [generation-run44] [stitch +1s] recoverStaleTasks: pruning worktrees
[2026-05-23T11:25:55-04:00] [generation-run44] [stitch +1s] recoverStaleTasks: no stale state found
[2026-05-23T11:25:55-04:00] [generation-run44] [stitch +1s] looking for next ready task (completed 0 so far)
[2026-05-23T11:25:55-04:00] [generation-run44] [stitch +1s] pickTask: calling pickReadyIssue repo=petar-djukic/go-unix-utils generation=generation-run44
[2026-05-23T11:26:01-04:00] [generation-run44] [stitch +7s] pickReadyIssue: picked #5536 "[stitch] Implement cmd/stat terse output and error handling (srd082 R6.1, R7.1, R7.2, R7.3)" gen=generation-run44
[2026-05-23T11:26:01-04:00] [generation-run44] [stitch +7s] pickTask: picked #5536 id=5536 branch=task/generation-run44-5536 worktree=/var/folders/dl/cbns6zkx7txc7pt64b6cgzp40000gn/T/go-unix-utils-worktrees/5536
[2026-05-23T11:26:01-04:00] [generation-run44] [stitch +7s] pickTask: title="[stitch] Implement cmd/stat terse output and error handling (srd082 R6.1, R7.1, R7.2, R7.3)"
[2026-05-23T11:26:01-04:00] [generation-run44] [stitch +7s] pickTask: descriptionLen=2340
[2026-05-23T11:26:01-04:00] [generation-run44] [stitch +7s] executing task 1: id=5536 title="[stitch] Implement cmd/stat terse output and error handling (srd082 R6.1, R7.1, R7.2, R7.3)"
[2026-05-23T11:26:01-04:00] [generation-run44] [stitch +7s] doOneTask: starting task 5536 ([stitch] Implement cmd/stat terse output and error handling (srd082 R6.1, R7.1, R7.2, R7.3))
[2026-05-23T11:26:01-04:00] [generation-run44] [stitch +7s] doOneTask: task #5536 claimed via pickReadyIssue label
[2026-05-23T11:26:01-04:00] [generation-run44] [stitch +7s] transitionRequirements: marked 3 R-items as in_progress
