[2026-03-06T10:42:03-05:00] [generation-gh-313-generate-code] [stitch +0s] starting (limit=1)
[2026-03-06T10:42:03-05:00] [generation-gh-313-generate-code] [stitch +0s] stitch config: silence=true stitchTotal=0 stitchPerCycle=1 measure=1 generationBranch="generation-gh-313-generate-code"
[2026-03-06T10:42:03-05:00] [generation-gh-313-generate-code] [stitch +0s] resolved branch=generation-gh-313-generate-code
[2026-03-06T10:42:03-05:00] [generation-gh-313-generate-code] [stitch +0s] repoRoot=/Users/pdiddy/COBBLER/gh-313-generate-code-from-specs
[2026-03-06T10:42:03-05:00] [generation-gh-313-generate-code] [stitch +0s] using GitHub repo petar-djukic/go-unix-utils generation generation-gh-313-generate-code for issues
[2026-03-06T10:42:03-05:00] [generation-gh-313-generate-code] [stitch +1s] worktreeBase=/var/folders/dl/cbns6zkx7txc7pt64b6cgzp40000gn/T/go-unix-utils-worktrees
[2026-03-06T10:42:03-05:00] [generation-gh-313-generate-code] [stitch +1s] baseBranch=generation-gh-313-generate-code
[2026-03-06T10:42:03-05:00] [generation-gh-313-generate-code] [stitch +1s] recovering stale tasks
[2026-03-06T10:42:03-05:00] [generation-gh-313-generate-code] [stitch +1s] recoverStaleTasks: checking for stale branches with pattern task/generation-gh-313-generate-code-*
[2026-03-06T10:42:03-05:00] [generation-gh-313-generate-code] [stitch +1s] recoverStaleBranches: found 1 stale branch(es): [task/generation-gh-313-generate-code-330]
[2026-03-06T10:42:03-05:00] [generation-gh-313-generate-code] [stitch +1s] recoverStaleBranches: recovering task/generation-gh-313-generate-code-330
[2026-03-06T10:42:03-05:00] [generation-gh-313-generate-code] [stitch +1s] recoverStaleBranches: removing worktree /var/folders/dl/cbns6zkx7txc7pt64b6cgzp40000gn/T/go-unix-utils-worktrees/330
[2026-03-06T10:42:03-05:00] [generation-gh-313-generate-code] [stitch +1s] recoverStaleBranches: deleting branch task/generation-gh-313-generate-code-330
[2026-03-06T10:42:03-05:00] [generation-gh-313-generate-code] [stitch +1s] recoverStaleBranches: removing in-progress label from issue #330
[2026-03-06T10:42:05-05:00] [generation-gh-313-generate-code] [stitch +2s] recoverStaleTasks: checking for orphaned in_progress issues
[2026-03-06T10:42:05-05:00] [generation-gh-313-generate-code] [stitch +3s] recoverStaleTasks: pruning worktrees
[2026-03-06T10:42:05-05:00] [generation-gh-313-generate-code] [stitch +3s] recoverStaleTasks: recovered stale state (branches=true orphans=false)
[2026-03-06T10:42:05-05:00] [generation-gh-313-generate-code] [stitch +3s] looking for next ready task (completed 0 so far)
[2026-03-06T10:42:05-05:00] [generation-gh-313-generate-code] [stitch +3s] pickTask: calling pickReadyIssue repo=petar-djukic/go-unix-utils generation=generation-gh-313-generate-code
[2026-03-06T10:42:06-05:00] [generation-gh-313-generate-code] [stitch +3s] pickTask: no tasks available: no ready issues for generation generation-gh-313-generate-code
[2026-03-06T10:42:06-05:00] [generation-gh-313-generate-code] [stitch +3s] no more tasks: no tasks available
[2026-03-06T10:42:06-05:00] [generation-gh-313-generate-code] [stitch +3s] completed 0 task(s) in 3s
