[2026-05-20T00:44:23-04:00] [generation-run44] [stitch +0s] starting (limit=1)
[2026-05-20T00:44:23-04:00] [generation-run44] [stitch +0s] stitch config: silence=true stitchTotal=0 stitchPerCycle=1 measure=4 generationBranch=""
[2026-05-20T00:44:23-04:00] [generation-run44] [stitch +0s] resolved branch=generation-run44
[2026-05-20T00:44:23-04:00] [generation-run44] [stitch +0s] repoRoot=/Users/pdiddy/COBBLER/generation-run44
[2026-05-20T00:44:23-04:00] [generation-run44] [stitch +1s] using GitHub repo petar-djukic/go-unix-utils generation generation-run44 for issues
[2026-05-20T00:44:24-04:00] [generation-run44] [stitch +2s] worktreeBase=/var/folders/dl/cbns6zkx7txc7pt64b6cgzp40000gn/T/go-unix-utils-worktrees
[2026-05-20T00:44:24-04:00] [generation-run44] [stitch +2s] baseBranch=generation-run44
[2026-05-20T00:44:24-04:00] [generation-run44] [stitch +2s] recovering stale tasks
[2026-05-20T00:44:24-04:00] [generation-run44] [stitch +2s] recoverStaleTasks: checking for stale branches with pattern task/generation-run44-*
[2026-05-20T00:44:24-04:00] [generation-run44] [stitch +2s] recoverStaleBranches: no stale branches found
[2026-05-20T00:44:24-04:00] [generation-run44] [stitch +2s] recoverStaleTasks: checking for orphaned in_progress issues
[2026-05-20T00:44:25-04:00] [generation-run44] [stitch +2s] resetOrphanedIssues: orphaned issue #5327 (no branch task/generation-run44-5327), removing in-progress label
[2026-05-20T00:44:26-04:00] [generation-run44] [stitch +4s] recoverStaleTasks: pruning worktrees
[2026-05-20T00:44:26-04:00] [generation-run44] [stitch +4s] recoverStaleTasks: recovered stale state (branches=false orphans=true)
[2026-05-20T00:44:26-04:00] [generation-run44] [stitch +4s] looking for next ready task (completed 0 so far)
[2026-05-20T00:44:26-04:00] [generation-run44] [stitch +4s] pickTask: calling pickReadyIssue repo=petar-djukic/go-unix-utils generation=generation-run44
[2026-05-20T00:44:31-04:00] [generation-run44] [stitch +8s] pickReadyIssue: picked #5327 "[stitch] cmd/mkdir error handling and diagnostics (srd034 R4.1, R4.2, R4.3)" gen=generation-run44
[2026-05-20T00:44:31-04:00] [generation-run44] [stitch +8s] pickTask: picked #5327 id=5327 branch=task/generation-run44-5327 worktree=/var/folders/dl/cbns6zkx7txc7pt64b6cgzp40000gn/T/go-unix-utils-worktrees/5327
[2026-05-20T00:44:31-04:00] [generation-run44] [stitch +8s] pickTask: title="[stitch] cmd/mkdir error handling and diagnostics (srd034 R4.1, R4.2, R4.3)"
[2026-05-20T00:44:31-04:00] [generation-run44] [stitch +8s] pickTask: descriptionLen=1945
[2026-05-20T00:44:31-04:00] [generation-run44] [stitch +8s] executing task 1: id=5327 title="[stitch] cmd/mkdir error handling and diagnostics (srd034 R4.1, R4.2, R4.3)"
[2026-05-20T00:44:31-04:00] [generation-run44] [stitch +8s] doOneTask: starting task 5327 ([stitch] cmd/mkdir error handling and diagnostics (srd034 R4.1, R4.2, R4.3))
[2026-05-20T00:44:31-04:00] [generation-run44] [stitch +8s] doOneTask: task #5327 claimed via pickReadyIssue label
