[2026-05-21T12:05:45-04:00] [generation-run44] [stitch +0s] starting (limit=1)
[2026-05-21T12:05:45-04:00] [generation-run44] [stitch +0s] stitch config: silence=true stitchTotal=0 stitchPerCycle=1 measure=4 generationBranch=""
[2026-05-21T12:05:45-04:00] [generation-run44] [stitch +0s] resolved branch=generation-run44
[2026-05-21T12:05:45-04:00] [generation-run44] [stitch +0s] repoRoot=/Users/pdiddy/COBBLER/generation-run44
[2026-05-21T12:05:45-04:00] [generation-run44] [stitch +0s] using GitHub repo petar-djukic/go-unix-utils generation generation-run44 for issues
[2026-05-21T12:05:46-04:00] [generation-run44] [stitch +1s] worktreeBase=/var/folders/dl/cbns6zkx7txc7pt64b6cgzp40000gn/T/go-unix-utils-worktrees
[2026-05-21T12:05:46-04:00] [generation-run44] [stitch +1s] baseBranch=generation-run44
[2026-05-21T12:05:46-04:00] [generation-run44] [stitch +1s] recovering stale tasks
[2026-05-21T12:05:46-04:00] [generation-run44] [stitch +1s] recoverStaleTasks: checking for stale branches with pattern task/generation-run44-*
[2026-05-21T12:05:46-04:00] [generation-run44] [stitch +1s] recoverStaleBranches: no stale branches found
[2026-05-21T12:05:46-04:00] [generation-run44] [stitch +1s] recoverStaleTasks: checking for orphaned in_progress issues
[2026-05-21T12:05:46-04:00] [generation-run44] [stitch +1s] resetOrphanedIssues: orphaned issue #5428 (no branch task/generation-run44-5428), removing in-progress label
[2026-05-21T12:05:48-04:00] [generation-run44] [stitch +3s] recoverStaleTasks: pruning worktrees
[2026-05-21T12:05:48-04:00] [generation-run44] [stitch +3s] recoverStaleTasks: recovered stale state (branches=false orphans=true)
[2026-05-21T12:05:48-04:00] [generation-run44] [stitch +3s] looking for next ready task (completed 0 so far)
[2026-05-21T12:05:48-04:00] [generation-run44] [stitch +3s] pickTask: calling pickReadyIssue repo=petar-djukic/go-unix-utils generation=generation-run44
[2026-05-21T12:06:04-04:00] [generation-run44] [stitch +19s] pickReadyIssue: picked #5428 "[stitch] cmd/factor: srd065 R3.1-R3.4" gen=generation-run44
[2026-05-21T12:06:04-04:00] [generation-run44] [stitch +19s] pickTask: picked #5428 id=5428 branch=task/generation-run44-5428 worktree=/var/folders/dl/cbns6zkx7txc7pt64b6cgzp40000gn/T/go-unix-utils-worktrees/5428
[2026-05-21T12:06:04-04:00] [generation-run44] [stitch +19s] pickTask: title="[stitch] cmd/factor: srd065 R3.1-R3.4"
[2026-05-21T12:06:04-04:00] [generation-run44] [stitch +19s] pickTask: descriptionLen=1905
[2026-05-21T12:06:04-04:00] [generation-run44] [stitch +19s] executing task 1: id=5428 title="[stitch] cmd/factor: srd065 R3.1-R3.4"
[2026-05-21T12:06:04-04:00] [generation-run44] [stitch +19s] doOneTask: starting task 5428 ([stitch] cmd/factor: srd065 R3.1-R3.4)
[2026-05-21T12:06:04-04:00] [generation-run44] [stitch +19s] doOneTask: task #5428 claimed via pickReadyIssue label
