[2026-05-22T21:06:17-04:00] [generation-run44] [stitch +0s] starting (limit=1)
[2026-05-22T21:06:17-04:00] [generation-run44] [stitch +0s] stitch config: silence=true stitchTotal=0 stitchPerCycle=1 measure=4 generationBranch=""
[2026-05-22T21:06:17-04:00] [generation-run44] [stitch +0s] resolved branch=generation-run44
[2026-05-22T21:06:17-04:00] [generation-run44] [stitch +0s] repoRoot=/Users/pdiddy/COBBLER/generation-run44
[2026-05-22T21:06:18-04:00] [generation-run44] [stitch +0s] using GitHub repo petar-djukic/go-unix-utils generation generation-run44 for issues
[2026-05-22T21:06:18-04:00] [generation-run44] [stitch +1s] worktreeBase=/var/folders/dl/cbns6zkx7txc7pt64b6cgzp40000gn/T/go-unix-utils-worktrees
[2026-05-22T21:06:18-04:00] [generation-run44] [stitch +1s] baseBranch=generation-run44
[2026-05-22T21:06:18-04:00] [generation-run44] [stitch +1s] recovering stale tasks
[2026-05-22T21:06:18-04:00] [generation-run44] [stitch +1s] recoverStaleTasks: checking for stale branches with pattern task/generation-run44-*
[2026-05-22T21:06:18-04:00] [generation-run44] [stitch +1s] recoverStaleBranches: no stale branches found
[2026-05-22T21:06:18-04:00] [generation-run44] [stitch +1s] recoverStaleTasks: checking for orphaned in_progress issues
[2026-05-22T21:06:19-04:00] [generation-run44] [stitch +1s] recoverStaleTasks: pruning worktrees
[2026-05-22T21:06:19-04:00] [generation-run44] [stitch +1s] recoverStaleTasks: no stale state found
[2026-05-22T21:06:19-04:00] [generation-run44] [stitch +1s] looking for next ready task (completed 0 so far)
[2026-05-22T21:06:19-04:00] [generation-run44] [stitch +1s] pickTask: calling pickReadyIssue repo=petar-djukic/go-unix-utils generation=generation-run44
[2026-05-22T21:06:23-04:00] [generation-run44] [stitch +5s] pickReadyIssue: picked #5491 "[stitch] cmd/sha384sum: implement srd075 R2.1, R2.2, R2.3, R3.1" gen=generation-run44
[2026-05-22T21:06:23-04:00] [generation-run44] [stitch +5s] pickTask: picked #5491 id=5491 branch=task/generation-run44-5491 worktree=/var/folders/dl/cbns6zkx7txc7pt64b6cgzp40000gn/T/go-unix-utils-worktrees/5491
[2026-05-22T21:06:23-04:00] [generation-run44] [stitch +5s] pickTask: title="[stitch] cmd/sha384sum: implement srd075 R2.1, R2.2, R2.3, R3.1"
[2026-05-22T21:06:23-04:00] [generation-run44] [stitch +5s] pickTask: descriptionLen=2053
[2026-05-22T21:06:23-04:00] [generation-run44] [stitch +5s] executing task 1: id=5491 title="[stitch] cmd/sha384sum: implement srd075 R2.1, R2.2, R2.3, R3.1"
[2026-05-22T21:06:23-04:00] [generation-run44] [stitch +5s] doOneTask: starting task 5491 ([stitch] cmd/sha384sum: implement srd075 R2.1, R2.2, R2.3, R3.1)
[2026-05-22T21:06:23-04:00] [generation-run44] [stitch +5s] doOneTask: task #5491 claimed via pickReadyIssue label
[2026-05-22T21:06:23-04:00] [generation-run44] [stitch +6s] transitionRequirements: marked 4 R-items as in_progress
