[2026-05-22T16:28:21-04:00] [generation-run44] [stitch +0s] starting (limit=1)
[2026-05-22T16:28:21-04:00] [generation-run44] [stitch +0s] stitch config: silence=true stitchTotal=0 stitchPerCycle=1 measure=4 generationBranch=""
[2026-05-22T16:28:21-04:00] [generation-run44] [stitch +0s] resolved branch=generation-run44
[2026-05-22T16:28:21-04:00] [generation-run44] [stitch +0s] repoRoot=/Users/pdiddy/COBBLER/generation-run44
[2026-05-22T16:28:21-04:00] [generation-run44] [stitch +0s] using GitHub repo petar-djukic/go-unix-utils generation generation-run44 for issues
[2026-05-22T16:28:22-04:00] [generation-run44] [stitch +1s] worktreeBase=/var/folders/dl/cbns6zkx7txc7pt64b6cgzp40000gn/T/go-unix-utils-worktrees
[2026-05-22T16:28:22-04:00] [generation-run44] [stitch +1s] baseBranch=generation-run44
[2026-05-22T16:28:22-04:00] [generation-run44] [stitch +1s] recovering stale tasks
[2026-05-22T16:28:22-04:00] [generation-run44] [stitch +1s] recoverStaleTasks: checking for stale branches with pattern task/generation-run44-*
[2026-05-22T16:28:22-04:00] [generation-run44] [stitch +1s] recoverStaleBranches: no stale branches found
[2026-05-22T16:28:22-04:00] [generation-run44] [stitch +1s] recoverStaleTasks: checking for orphaned in_progress issues
[2026-05-22T16:28:22-04:00] [generation-run44] [stitch +1s] resetOrphanedIssues: orphaned issue #5463 (no branch task/generation-run44-5463), removing in-progress label
[2026-05-22T16:28:24-04:00] [generation-run44] [stitch +2s] recoverStaleTasks: pruning worktrees
[2026-05-22T16:28:24-04:00] [generation-run44] [stitch +2s] recoverStaleTasks: recovered stale state (branches=false orphans=true)
[2026-05-22T16:28:24-04:00] [generation-run44] [stitch +2s] looking for next ready task (completed 0 so far)
[2026-05-22T16:28:24-04:00] [generation-run44] [stitch +2s] pickTask: calling pickReadyIssue repo=petar-djukic/go-unix-utils generation=generation-run44
[2026-05-22T16:28:29-04:00] [generation-run44] [stitch +8s] pickReadyIssue: picked #5463 "[stitch] cmd/fmt: srd070 R2.1-R5.1" gen=generation-run44
[2026-05-22T16:28:29-04:00] [generation-run44] [stitch +8s] pickTask: picked #5463 id=5463 branch=task/generation-run44-5463 worktree=/var/folders/dl/cbns6zkx7txc7pt64b6cgzp40000gn/T/go-unix-utils-worktrees/5463
[2026-05-22T16:28:29-04:00] [generation-run44] [stitch +8s] pickTask: title="[stitch] cmd/fmt: srd070 R2.1-R5.1"
[2026-05-22T16:28:29-04:00] [generation-run44] [stitch +8s] pickTask: descriptionLen=1674
[2026-05-22T16:28:29-04:00] [generation-run44] [stitch +8s] executing task 1: id=5463 title="[stitch] cmd/fmt: srd070 R2.1-R5.1"
[2026-05-22T16:28:29-04:00] [generation-run44] [stitch +8s] doOneTask: starting task 5463 ([stitch] cmd/fmt: srd070 R2.1-R5.1)
[2026-05-22T16:28:29-04:00] [generation-run44] [stitch +8s] doOneTask: task #5463 claimed via pickReadyIssue label
