[2026-05-15T10:03:22-04:00] [generation-run44] [stitch +0s] starting (limit=1)
[2026-05-15T10:03:22-04:00] [generation-run44] [stitch +0s] stitch config: silence=true stitchTotal=0 stitchPerCycle=1 measure=4 generationBranch=""
[2026-05-15T10:03:22-04:00] [generation-run44] [stitch +0s] resolved branch=generation-run44
[2026-05-15T10:03:22-04:00] [generation-run44] [stitch +0s] repoRoot=/Users/pdiddy/COBBLER/generation-run44
[2026-05-15T10:03:23-04:00] [generation-run44] [stitch +0s] using GitHub repo petar-djukic/go-unix-utils generation generation-run44 for issues
[2026-05-15T10:03:23-04:00] [generation-run44] [stitch +1s] worktreeBase=/var/folders/dl/cbns6zkx7txc7pt64b6cgzp40000gn/T/go-unix-utils-worktrees
[2026-05-15T10:03:23-04:00] [generation-run44] [stitch +1s] baseBranch=generation-run44
[2026-05-15T10:03:23-04:00] [generation-run44] [stitch +1s] recovering stale tasks
[2026-05-15T10:03:23-04:00] [generation-run44] [stitch +1s] recoverStaleTasks: checking for stale branches with pattern task/generation-run44-*
[2026-05-15T10:03:23-04:00] [generation-run44] [stitch +1s] recoverStaleBranches: no stale branches found
[2026-05-15T10:03:23-04:00] [generation-run44] [stitch +1s] recoverStaleTasks: checking for orphaned in_progress issues
[2026-05-15T10:03:24-04:00] [generation-run44] [stitch +2s] recoverStaleTasks: pruning worktrees
[2026-05-15T10:03:24-04:00] [generation-run44] [stitch +2s] recoverStaleTasks: no stale state found
[2026-05-15T10:03:24-04:00] [generation-run44] [stitch +2s] looking for next ready task (completed 0 so far)
[2026-05-15T10:03:24-04:00] [generation-run44] [stitch +2s] pickTask: calling pickReadyIssue repo=petar-djukic/go-unix-utils generation=generation-run44
[2026-05-15T10:03:29-04:00] [generation-run44] [stitch +7s] pickReadyIssue: picked #5267 "[stitch] cmd/expand: implement srd024-expand R1.1-R1.4" gen=generation-run44
[2026-05-15T10:03:29-04:00] [generation-run44] [stitch +7s] pickTask: picked #5267 id=5267 branch=task/generation-run44-5267 worktree=/var/folders/dl/cbns6zkx7txc7pt64b6cgzp40000gn/T/go-unix-utils-worktrees/5267
[2026-05-15T10:03:29-04:00] [generation-run44] [stitch +7s] pickTask: title="[stitch] cmd/expand: implement srd024-expand R1.1-R1.4"
[2026-05-15T10:03:29-04:00] [generation-run44] [stitch +7s] pickTask: descriptionLen=2157
[2026-05-15T10:03:29-04:00] [generation-run44] [stitch +7s] executing task 1: id=5267 title="[stitch] cmd/expand: implement srd024-expand R1.1-R1.4"
[2026-05-15T10:03:29-04:00] [generation-run44] [stitch +7s] doOneTask: starting task 5267 ([stitch] cmd/expand: implement srd024-expand R1.1-R1.4)
[2026-05-15T10:03:29-04:00] [generation-run44] [stitch +7s] doOneTask: task #5267 claimed via pickReadyIssue label
[2026-05-15T10:03:29-04:00] [generation-run44] [stitch +7s] transitionRequirements: marked 4 R-items as in_progress
