[2026-05-21T09:13:53-04:00] [generation-run44] [stitch +0s] starting (limit=1)
[2026-05-21T09:13:53-04:00] [generation-run44] [stitch +0s] stitch config: silence=true stitchTotal=0 stitchPerCycle=1 measure=4 generationBranch=""
[2026-05-21T09:13:53-04:00] [generation-run44] [stitch +0s] resolved branch=generation-run44
[2026-05-21T09:13:53-04:00] [generation-run44] [stitch +0s] repoRoot=/Users/pdiddy/COBBLER/generation-run44
[2026-05-21T09:13:54-04:00] [generation-run44] [stitch +0s] using GitHub repo petar-djukic/go-unix-utils generation generation-run44 for issues
[2026-05-21T09:13:55-04:00] [generation-run44] [stitch +1s] worktreeBase=/var/folders/dl/cbns6zkx7txc7pt64b6cgzp40000gn/T/go-unix-utils-worktrees
[2026-05-21T09:13:55-04:00] [generation-run44] [stitch +1s] baseBranch=generation-run44
[2026-05-21T09:13:55-04:00] [generation-run44] [stitch +1s] recovering stale tasks
[2026-05-21T09:13:55-04:00] [generation-run44] [stitch +1s] recoverStaleTasks: checking for stale branches with pattern task/generation-run44-*
[2026-05-21T09:13:55-04:00] [generation-run44] [stitch +1s] recoverStaleBranches: no stale branches found
[2026-05-21T09:13:55-04:00] [generation-run44] [stitch +1s] recoverStaleTasks: checking for orphaned in_progress issues
[2026-05-21T09:13:55-04:00] [generation-run44] [stitch +2s] recoverStaleTasks: pruning worktrees
[2026-05-21T09:13:55-04:00] [generation-run44] [stitch +2s] recoverStaleTasks: no stale state found
[2026-05-21T09:13:55-04:00] [generation-run44] [stitch +2s] looking for next ready task (completed 0 so far)
[2026-05-21T09:13:55-04:00] [generation-run44] [stitch +2s] pickTask: calling pickReadyIssue repo=petar-djukic/go-unix-utils generation=generation-run44
[2026-05-21T09:14:05-04:00] [generation-run44] [stitch +12s] pickReadyIssue: picked #5405 "[stitch] cmd/rm: srd058 R3.1-R3.4" gen=generation-run44
[2026-05-21T09:14:05-04:00] [generation-run44] [stitch +12s] pickTask: picked #5405 id=5405 branch=task/generation-run44-5405 worktree=/var/folders/dl/cbns6zkx7txc7pt64b6cgzp40000gn/T/go-unix-utils-worktrees/5405
[2026-05-21T09:14:05-04:00] [generation-run44] [stitch +12s] pickTask: title="[stitch] cmd/rm: srd058 R3.1-R3.4"
[2026-05-21T09:14:05-04:00] [generation-run44] [stitch +12s] pickTask: descriptionLen=1893
[2026-05-21T09:14:05-04:00] [generation-run44] [stitch +12s] executing task 1: id=5405 title="[stitch] cmd/rm: srd058 R3.1-R3.4"
[2026-05-21T09:14:05-04:00] [generation-run44] [stitch +12s] doOneTask: starting task 5405 ([stitch] cmd/rm: srd058 R3.1-R3.4)
[2026-05-21T09:14:05-04:00] [generation-run44] [stitch +12s] doOneTask: task #5405 claimed via pickReadyIssue label
[2026-05-21T09:14:05-04:00] [generation-run44] [stitch +12s] transitionRequirements: marked 4 R-items as in_progress
