[2026-05-29T12:19:13-04:00] [generation-run44] [stitch +0s] starting (limit=1)
[2026-05-29T12:19:13-04:00] [generation-run44] [stitch +0s] stitch config: silence=true stitchTotal=0 stitchPerCycle=1 measure=4 generationBranch=""
[2026-05-29T12:19:13-04:00] [generation-run44] [stitch +0s] resolved branch=generation-run44
[2026-05-29T12:19:13-04:00] [generation-run44] [stitch +0s] repoRoot=/Users/pdiddy/COBBLER/generation-run44
[2026-05-29T12:19:13-04:00] [generation-run44] [stitch +0s] using GitHub repo petar-djukic/go-unix-utils generation generation-run44 for issues
[2026-05-29T12:19:14-04:00] [generation-run44] [stitch +1s] worktreeBase=/var/folders/dl/cbns6zkx7txc7pt64b6cgzp40000gn/T/go-unix-utils-worktrees
[2026-05-29T12:19:14-04:00] [generation-run44] [stitch +1s] baseBranch=generation-run44
[2026-05-29T12:19:14-04:00] [generation-run44] [stitch +1s] recovering stale tasks
[2026-05-29T12:19:14-04:00] [generation-run44] [stitch +1s] recoverStaleTasks: checking for stale branches with pattern task/generation-run44-*
[2026-05-29T12:19:14-04:00] [generation-run44] [stitch +1s] recoverStaleBranches: no stale branches found
[2026-05-29T12:19:14-04:00] [generation-run44] [stitch +1s] recoverStaleTasks: checking for orphaned in_progress issues
[2026-05-29T12:19:14-04:00] [generation-run44] [stitch +1s] recoverStaleTasks: pruning worktrees
[2026-05-29T12:19:14-04:00] [generation-run44] [stitch +1s] recoverStaleTasks: no stale state found
[2026-05-29T12:19:14-04:00] [generation-run44] [stitch +1s] looking for next ready task (completed 0 so far)
[2026-05-29T12:19:14-04:00] [generation-run44] [stitch +1s] pickTask: calling pickReadyIssue repo=petar-djukic/go-unix-utils generation=generation-run44
[2026-05-29T12:19:25-04:00] [generation-run44] [stitch +12s] pickReadyIssue: picked #5650 "[stitch] cmd/ts implementation (srd004-ts R4.3, R5.1, R5.2, R5.3)" gen=generation-run44
[2026-05-29T12:19:25-04:00] [generation-run44] [stitch +12s] pickTask: picked #5650 id=5650 branch=task/generation-run44-5650 worktree=/var/folders/dl/cbns6zkx7txc7pt64b6cgzp40000gn/T/go-unix-utils-worktrees/5650
[2026-05-29T12:19:25-04:00] [generation-run44] [stitch +12s] pickTask: title="[stitch] cmd/ts implementation (srd004-ts R4.3, R5.1, R5.2, R5.3)"
[2026-05-29T12:19:25-04:00] [generation-run44] [stitch +12s] pickTask: descriptionLen=1860
[2026-05-29T12:19:25-04:00] [generation-run44] [stitch +12s] executing task 1: id=5650 title="[stitch] cmd/ts implementation (srd004-ts R4.3, R5.1, R5.2, R5.3)"
[2026-05-29T12:19:25-04:00] [generation-run44] [stitch +12s] doOneTask: starting task 5650 ([stitch] cmd/ts implementation (srd004-ts R4.3, R5.1, R5.2, R5.3))
[2026-05-29T12:19:25-04:00] [generation-run44] [stitch +12s] doOneTask: task #5650 claimed via pickReadyIssue label
[2026-05-29T12:19:25-04:00] [generation-run44] [stitch +12s] transitionRequirements: marked 4 R-items as in_progress
