[2026-05-20T06:46:02-04:00] [generation-run44] [stitch +0s] starting (limit=1)
[2026-05-20T06:46:02-04:00] [generation-run44] [stitch +0s] stitch config: silence=true stitchTotal=0 stitchPerCycle=1 measure=4 generationBranch=""
[2026-05-20T06:46:02-04:00] [generation-run44] [stitch +0s] resolved branch=generation-run44
[2026-05-20T06:46:03-04:00] [generation-run44] [stitch +0s] repoRoot=/Users/pdiddy/COBBLER/generation-run44
[2026-05-20T06:46:03-04:00] [generation-run44] [stitch +0s] using GitHub repo petar-djukic/go-unix-utils generation generation-run44 for issues
[2026-05-20T06:46:03-04:00] [generation-run44] [stitch +1s] worktreeBase=/var/folders/dl/cbns6zkx7txc7pt64b6cgzp40000gn/T/go-unix-utils-worktrees
[2026-05-20T06:46:03-04:00] [generation-run44] [stitch +1s] baseBranch=generation-run44
[2026-05-20T06:46:03-04:00] [generation-run44] [stitch +1s] recovering stale tasks
[2026-05-20T06:46:03-04:00] [generation-run44] [stitch +1s] recoverStaleTasks: checking for stale branches with pattern task/generation-run44-*
[2026-05-20T06:46:03-04:00] [generation-run44] [stitch +1s] recoverStaleBranches: no stale branches found
[2026-05-20T06:46:03-04:00] [generation-run44] [stitch +1s] recoverStaleTasks: checking for orphaned in_progress issues
[2026-05-20T06:46:04-04:00] [generation-run44] [stitch +1s] recoverStaleTasks: pruning worktrees
[2026-05-20T06:46:04-04:00] [generation-run44] [stitch +1s] recoverStaleTasks: no stale state found
[2026-05-20T06:46:04-04:00] [generation-run44] [stitch +1s] looking for next ready task (completed 0 so far)
[2026-05-20T06:46:04-04:00] [generation-run44] [stitch +1s] pickTask: calling pickReadyIssue repo=petar-djukic/go-unix-utils generation=generation-run44
[2026-05-20T06:46:10-04:00] [generation-run44] [stitch +7s] pickReadyIssue: picked #5331 "[stitch] cmd/rmdir ancestor removal and verbose (srd035 R2.1, R2.2, R2.3)" gen=generation-run44
[2026-05-20T06:46:10-04:00] [generation-run44] [stitch +7s] pickTask: picked #5331 id=5331 branch=task/generation-run44-5331 worktree=/var/folders/dl/cbns6zkx7txc7pt64b6cgzp40000gn/T/go-unix-utils-worktrees/5331
[2026-05-20T06:46:10-04:00] [generation-run44] [stitch +7s] pickTask: title="[stitch] cmd/rmdir ancestor removal and verbose (srd035 R2.1, R2.2, R2.3)"
[2026-05-20T06:46:10-04:00] [generation-run44] [stitch +7s] pickTask: descriptionLen=1589
[2026-05-20T06:46:10-04:00] [generation-run44] [stitch +7s] executing task 1: id=5331 title="[stitch] cmd/rmdir ancestor removal and verbose (srd035 R2.1, R2.2, R2.3)"
[2026-05-20T06:46:10-04:00] [generation-run44] [stitch +7s] doOneTask: starting task 5331 ([stitch] cmd/rmdir ancestor removal and verbose (srd035 R2.1, R2.2, R2.3))
[2026-05-20T06:46:10-04:00] [generation-run44] [stitch +7s] doOneTask: task #5331 claimed via pickReadyIssue label
[2026-05-20T06:46:10-04:00] [generation-run44] [stitch +7s] transitionRequirements: marked 3 R-items as in_progress
