[2026-05-14T06:56:05-04:00] [generation-run44] [stitch +0s] starting (limit=1)
[2026-05-14T06:56:05-04:00] [generation-run44] [stitch +0s] stitch config: silence=true stitchTotal=0 stitchPerCycle=1 measure=4 generationBranch=""
[2026-05-14T06:56:05-04:00] [generation-run44] [stitch +0s] resolved branch=generation-run44
[2026-05-14T06:56:05-04:00] [generation-run44] [stitch +0s] repoRoot=/Users/pdiddy/COBBLER/generation-run44
[2026-05-14T06:56:05-04:00] [generation-run44] [stitch +0s] using GitHub repo petar-djukic/go-unix-utils generation generation-run44 for issues
[2026-05-14T06:56:06-04:00] [generation-run44] [stitch +1s] worktreeBase=/var/folders/dl/cbns6zkx7txc7pt64b6cgzp40000gn/T/go-unix-utils-worktrees
[2026-05-14T06:56:06-04:00] [generation-run44] [stitch +1s] baseBranch=generation-run44
[2026-05-14T06:56:06-04:00] [generation-run44] [stitch +1s] recovering stale tasks
[2026-05-14T06:56:06-04:00] [generation-run44] [stitch +1s] recoverStaleTasks: checking for stale branches with pattern task/generation-run44-*
[2026-05-14T06:56:06-04:00] [generation-run44] [stitch +1s] recoverStaleBranches: no stale branches found
[2026-05-14T06:56:06-04:00] [generation-run44] [stitch +1s] recoverStaleTasks: checking for orphaned in_progress issues
[2026-05-14T06:56:06-04:00] [generation-run44] [stitch +1s] recoverStaleTasks: pruning worktrees
[2026-05-14T06:56:06-04:00] [generation-run44] [stitch +1s] recoverStaleTasks: no stale state found
[2026-05-14T06:56:06-04:00] [generation-run44] [stitch +1s] looking for next ready task (completed 0 so far)
[2026-05-14T06:56:06-04:00] [generation-run44] [stitch +1s] pickTask: calling pickReadyIssue repo=petar-djukic/go-unix-utils generation=generation-run44
[2026-05-14T06:56:12-04:00] [generation-run44] [stitch +7s] pickReadyIssue: picked #5143 "[stitch] cmd/yes: edge cases, version, and help (srd012-yes R3.3, R4.1-R4.3)" gen=generation-run44
[2026-05-14T06:56:12-04:00] [generation-run44] [stitch +7s] pickTask: picked #5143 id=5143 branch=task/generation-run44-5143 worktree=/var/folders/dl/cbns6zkx7txc7pt64b6cgzp40000gn/T/go-unix-utils-worktrees/5143
[2026-05-14T06:56:12-04:00] [generation-run44] [stitch +7s] pickTask: title="[stitch] cmd/yes: edge cases, version, and help (srd012-yes R3.3, R4.1-R4.3)"
[2026-05-14T06:56:12-04:00] [generation-run44] [stitch +7s] pickTask: descriptionLen=1541
[2026-05-14T06:56:12-04:00] [generation-run44] [stitch +7s] executing task 1: id=5143 title="[stitch] cmd/yes: edge cases, version, and help (srd012-yes R3.3, R4.1-R4.3)"
[2026-05-14T06:56:12-04:00] [generation-run44] [stitch +7s] doOneTask: starting task 5143 ([stitch] cmd/yes: edge cases, version, and help (srd012-yes R3.3, R4.1-R4.3))
[2026-05-14T06:56:12-04:00] [generation-run44] [stitch +7s] doOneTask: task #5143 claimed via pickReadyIssue label
[2026-05-14T06:56:12-04:00] [generation-run44] [stitch +7s] transitionRequirements: marked 4 R-items as in_progress
